// Jest Snapshot v1, https://goo.gl/fbAQLP

exports[`Button should render without errors 1`] = `
<Button>
  <button
    className="Button"
  />
</Button>
`;
