// Jest Snapshot v1, https://goo.gl/fbAQLP

exports[`SeatNumber should render without errors 1`] = `
<SeatNumber>
  <span
    className="SeatNumber"
  />
</SeatNumber>
`;
