// Jest Snapshot v1, https://goo.gl/fbAQLP

exports[`CinemaLayout should render without errors 1`] = `
<CinemaLayout>
  <div
    className="CinemaLayout"
  />
</CinemaLayout>
`;
